[LOG] FMOD_System_Create                       : Header version = 2.03.08. Current version = 2.03.08.
[LOG] system_create                            : Header version = 2.03.08. Current version = 2.03.08.
[LOG] Manager::init                            : maxchannels = 256 studioflags = 00000006 flags 00000000 extradriverdata 0000000000000000.
[LOG] SystemI::init                            : Initialize version=20308 (153137), maxchannels=256, flags=0x00020000
[LOG] SystemI::setOutputInternal               : Setting output to 'FMOD WASAPI Output'
[LOG] OutputWASAPI::init                       : Mix Format (WAVEFORMATEX): wFormatTag=0xFFFE, nChannels=2, nSamplesPerSec=48000, nAvgBytesPerSec=384000, nBlockAlign=8, wBitsPerSample=32, cbSize=22.
[LOG] OutputWASAPI::init                       : Mix Format (WAVEFORMATEXTENSIBLE): wValidBitsPerSample=32, dwChannelMask=0x00000003, SubFormat=00000003-0000-0010-8000-00AA00389B71.
[LOG] OutputWASAPI::init                       : Output buffer size: 2048 samples, latency: 0.00ms, period: 10.00ms, DSP buffer: 512 * 4
[LOG] Thread::initThread                       : Init FMOD stream thread. Affinity: 0x4000000000000003, Priority: 0xFFFF7FFB, Stack Size: 98304, Semaphore: No, Sleep Time: 10, Looping: Yes.
[LOG] SystemI::DSPCodecPoolRegister            : register codec pool for pool type 0
[LOG] Thread::initThread                       : Init FMOD mixer thread. Affinity: 0x4000000000000001, Priority: 0xFFFF7FFA, Stack Size: 81920, Semaphore: No, Sleep Time: 0, Looping: Yes.
[LOG] AsyncManager::init                       : manager 000001BED14A31D8 isAsync 0 updatePeriod 0.02
[LOG] AsyncManager::init                       : done
[LOG] PlaybackSystem::init                     : 
[LOG] Thread::initThread                       : Init FMOD Studio sample load thread. Affinity: 0x4000000000000003, Priority: 0xFFFF7FFD, Stack Size: 98304, Semaphore: No, Sleep Time: 1, Looping: No.
[LOG] PlaybackSystem::init                     : done
[LOG] Thread::initThread                       : Init FMOD Studio bank load thread. Affinity: 0x4000000000000003, Priority: 0xFFFF7FFD, Stack Size: 98304, Semaphore: No, Sleep Time: 1, Looping: No.
[LOG] Manager::init                            : done.
[LOG] BankLoader::serializeBank                : fileversion = 142, compatVersion = 140 (oldest = 44, newest = 146)
[LOG] BankLoader::serializeBank                : fileversion = 142, compatVersion = 140 (oldest = 44, newest = 146)
[LOG] BankLoader::serializeBank                : fileversion = 142, compatVersion = 140 (oldest = 44, newest = 146)
[LOG] BankLoader::serializeBank                : fileversion = 142, compatVersion = 140 (oldest = 44, newest = 146)
[LOG] PlaybackSystem::acquireMasterBus         : Setting master channel group format to 6
[LOG] SystemI::createSoundInternal             : Create name='', mode=0x02000202
[LOG] SystemI::createSoundInternal             : exinfo->cbsize             = 224
[LOG] SystemI::createSoundInternal             : exinfo->length             = 88480
[LOG] SystemI::createSoundInternal             : exinfo->fileoffset         = 5920
[LOG] SystemI::createSoundInternal             : exinfo->numsubsounds       = 1
[LOG] SystemI::createSoundInternal             : exinfo->inclusionlist      = 000000124459EC48
[LOG] SystemI::createSoundInternal             : exinfo->inclusionlistnum   = 1
[LOG] SystemI::createSoundInternal             : exinfo->suggestedsoundtype = 5
[LOG] SystemI::createSoundInternal             : exinfo->useropen           = 00007FFDA7D3D480
[LOG] SystemI::createSoundInternal             : exinfo->userclose          = 00007FFDA7D3D440
[LOG] SystemI::createSoundInternal             : exinfo->userread           = 00007FFDA7D3D560
[LOG] SystemI::createSoundInternal             : exinfo->userseek           = 00007FFDA7D3D620
[LOG] SystemI::createSoundInternal             : exinfo->fileuserdata       = 000001BC25E9C698
[LOG] SystemI::createSoundInternal             : exinfo->initialseekpostype = 1
[LOG] SystemI::DSPCodecPoolRegister            : register codec pool for pool type 4
[LOG] SystemI::createSoundInternal             : Sample 0/1: name='S_Jump', format=5, channels=1, frequency=48000, lengthbytes=3648, lengthpcm=20064, pcmblocksize=0, loopstart=0, loopend=0, mode=0x00000000, channelmask=0x00000000, channelorder=0, peakvolume=0.962006.
[LOG] SoundI::release                          : S_FRENCH POP 「Mobo★Moga Marble Version」 (000001BE4383F348)
[LOG] SoundI::release                          :     S_FRENCH POP 「Mobo★Moga Marble Version」 (000001BFBD03C978)
[LOG] SoundI::release                          :     S_FRENCH POP 「Mobo★Moga Marble Version」 (000001BFBC86BA78)
[LOG] SoundI::release                          : S_FRENCH POP 「Mobo★Moga Marble Version」 UNDERWATER (000001BE43840928)
[LOG] SoundI::release                          :     S_FRENCH POP 「Mobo★Moga Marble Version」 UNDERWATER (000001BFBD03FC78)
[LOG] SoundI::release                          :     S_FRENCH POP 「Mobo★Moga Marble Version」 UNDERWATER (000001BFBC868558)
[LOG] SoundI::release                          :  (000001BC266104D8)
[LOG] SoundI::release                          :     S_CarHorn (000001BC29EA9DF8)
[LOG] SoundI::release                          :  (000001BECC757F88)
[LOG] SoundI::release                          :     S_BigExplosion_Reverb (000001BF7E865858)
[LOG] SoundI::release                          :  (000001BC26610798)
[LOG] SoundI::release                          :     S_Boost_001 (000001BC29EA9978)
[LOG] SoundI::release                          :  (000001BC26610638)
[LOG] SoundI::release                          :     S_Boost_002 (000001BC29EAA0F8)
[LOG] SoundI::release                          :  (000001BE1E7DA058)
[LOG] SoundI::release                          :     S_Jump (000001BC271194A8)
[LOG] SoundI::release                          :  (000001BC27420918)
[LOG] SoundI::release                          :     S_Splash_001 (000001BE437FEC68)
[LOG] SoundI::release                          :  (000001BC27420A78)
[LOG] SoundI::release                          :     S_Splash_002 (000001BE437FE7E8)
[LOG] SoundI::release                          :  (000001BC27420E98)
[LOG] SoundI::release                          :     S_Splash_003 (000001BE437FE668)
[LOG] Thread::callback                         : FMOD Studio update thread finished.
[LOG] Thread::callback                         : FMOD Studio bank load thread finished.
[LOG] Profile::disconnectAll                   : Profiler disconnecting all clients
[LOG] Thread::callback                         : FMOD Studio sample load thread finished.
[LOG] LiveUpdate::release                      : 
[LOG] LiveUpdate::reset                        : Reset connection (reason Disconnected)
[LOG] Thread::callback                         : FMOD stream thread finished.
[LOG] Thread::callback                         : FMOD mixer thread finished.
[LOG] Profile::disconnectAll                   : Profiler disconnecting all clients
[LOG] SystemI::closeInternal                   : Closed.
[LOG] Thread::callback                         : FMOD Studio bank load thread finished.
[LOG] Thread::callback                         : FMOD Studio sample load thread finished.
[LOG] LiveUpdate::release                      : 
[LOG] LiveUpdate::reset                        : Reset connection (reason Disconnected)
[LOG] Thread::callback                         : FMOD stream thread finished.
[LOG] Thread::callback                         : FMOD mixer thread finished.
[LOG] SystemI::closeInternal                   : Closed.
[LOG] Thread::callback                         : FMOD nonblocking thread (0) finished.
[LOG] Thread::callback                         : FMOD file thread finished.
